[?25l
















[0;7mC:/Users/Krashaldy Muñoz/Documents/investor-data/.git/COMMIT_EDITMSG [+] [unix] (14:12 26/11/2018)     1,11All[0m[0K
[0K[18A[11G[?25h[?25l
















[0;7mC:/Users/Krashaldy Muñoz/Documents/investor-data/.git/COMMIT_EDITMSG [+] [unix] (14:12 26/11/2018)     1,10All[0m[0K
[0K[18A[10G[?25h[?25l
















[0;7mC:/Users/Krashaldy Muñoz/Documents/investor-data/.git/COMMIT_EDITMSG [+] [unix] (14:12 26/11/2018)      1,9All[0m[0K
[0K[18A[9G[?25h[?25l
















[0;7mC:/Users/Krashaldy Muñoz/Documents/investor-data/.git/COMMIT_EDITMSG [+] [unix] (14:12 26/11/2018)      1,8All[0m[0K
[0K[18A[8G[?25h[?25l
















[0;7mC:/Users/Krashaldy Muñoz/Documents/investor-data/.git/COMMIT_EDITMSG [+] [unix] (14:12 26/11/2018)      1,7All[0m[0K
[0K[18A[7G[?25h[?25l
















[0;7mC:/Users/Krashaldy Muñoz/Documents/investor-data/.git/COMMIT_EDITMSG [+] [unix] (14:12 26/11/2018)      1,6All[0m[0K
[0K[18A[6G[?25h[?25l
















[0;7mC:/Users/Krashaldy Muñoz/Documents/investor-data/.git/COMMIT_EDITMSG [+] [unix] (14:12 26/11/2018)      1,4All[0m[0K
[0K[18A[4G[?25h[?25l
















[0;7mC:/Users/Krashaldy Muñoz/Documents/investor-data/.git/COMMIT_EDITMSG [+] [unix] (14:12 26/11/2018)      1,3All[0m[0K
[0K[18A[3G[?25h[?25l
















[0;7mC:/Users/Krashaldy Muñoz/Documents/investor-data/.git/COMMIT_EDITMSG [+] [unix] (14:12 26/11/2018)      1,2All[0m[0K
[0K[18A[2G[?25h[?25l
















[0;7mC:/Users/Krashaldy Muñoz/Documents/investor-data/.git/COMMIT_EDITMSG [+] [unix] (14:12 26/11/2018)      1,1All[0m[0K
[0K[18A[?25h[?25l

















                                                                                                    ^[[1;5C[0K[18A[?25h[?25l

















[0K[18A[?25h[?25l

















                                                                                                    ^[[1;5C[0K[18A[?25h[?25l

















                                                                                                    ;5C^[[1;5C[0K[18A[?25h[?25l

















                                                                                                    1[0K[18A[?25h[?25l

















                                                                                                    ;5C^[[1;5C[0K[18A[?25h[?25l

















                                                                                                    1;5[0K[102G[?25h[?25l                                                                                                    ;5C^[[1;5C[0K[18A[?25h[?25l

















                                                                                                    ^[[1;5C[0K[18A[?25h[?25l

















                                                                                                    ;5C^[[1;5D[0K[18A[?25h[?25l

















                                                                                                    ^[[1;5D[0K[18A[?25h[?25l

















                                                                                                    ;5D^[[1;5D[0K[18A[?25h[?25l

















                                                                                                    ^[[1;5D[0K[18A[?25h[?25l

















                                                                                                    ;5D^[[1;5D[0K[18A[?25h[?25l

















                                                                                                    ^[[1;5D[0K[18A[?25h[?25l

















                                                                                                    ;5D^[[1;5D[0K[18A[?25h[?25l

















                                                                                                    ^[[1;5D[0K[18A[?25h[?25l

















                                                                                                    ;5D^[[1;5D[0K[18A[?25h[?25l

















                                                                                                    ^[[1;5D[0K[18A[?25h[?25l

















                                                                                                    ;5D^[[1;5D[0K[18A[?25h[?25l

















                                                                                                    ^[[1;5D[0K[18A[?25h[?25l

















[0K[18A[?25h[?25l

















Type  :qa!  and press <Enter> to abandon all changes and exit Vim[0K[18A[?25h[?25l

















:[0K[?25hq[0Ka[0K~[0K[?25l:qa[0K[?25h![0K[1G[?25l[18A[0;32mKrashaldy Muñoz@LAPTOP-12DQPH01 [0;35m [0;33m~/Documents/investor-data[0m[0K
$ ls git status[0K
ls: cannot access 'git': No such file or directory[0K
ls: cannot access 'status': No such file or directory[0K
[0K
[0;32mKrashaldy Muñoz@LAPTOP-12DQPH01 [0;35m [0;33m~/Documents/investor-data[0m[0K
$ git init[0K
Initialized empty Git repository in C:/Users/Krashaldy Muñoz/Documents/investor-data/.git/[0K
[0K
[0;32mKrashaldy Muñoz@LAPTOP-12DQPH01 [0;35m [0;33m~/Documents/investor-data[0;36m (master)[0m[0K
$ git status[0K
On branch master[0K
[0K
No commits yet[0K
[0K
Untracked files:[0K
  (use "git add <file>..." to include in what will be committed)[0K
[0K
        [0;31m.Rhistory[0m[0K
        [0;31m.Rproj.user/[0m[0K
        [0;31mfindex-data/[0m[0K
        [0;31minvestor-data.Rproj[0m[0K
        [0;31minvestor-markdown.Rmd[0m[0K
        [0;31minvestor-markdown.html[0m[0K
        [0;31minvestor-script1.R[0m[0K
[0K
nothing added to commit but untracked files present (use "git add" to track)[0K
[0K
[0;32mKrashaldy Muñoz@LAPTOP-12DQPH01 [0;35m [0;33m~/Documents/investor-data[0;36m (master)[0m[0K
$ git add .[0K
warning: LF will be replaced by CRLF in .Rhistory.[0K
The file will have its original line endings in your working directory.[0K
warning: LF will be replaced by CRLF in .Rproj.user/FDF398A4/pcs/debug-breakpoints.pper.[0K
The file will have its original line endings in your working directory.[0K
warning: LF will be replaced by CRLF in .Rproj.user/FDF398A4/pcs/files-pane.pper.[0K
The file will have its original line endings in your working directory.[0K
warning: LF will be replaced by CRLF in .Rproj.user/FDF398A4/pcs/packages-pane.pper.[0K
The file will have its original line endings in your working directory.[0K
warning: LF will be replaced by CRLF in .Rproj.user/FDF398A4/pcs/source-pane.pper.[0K
The file will have its original line endings in your working directory.[0K
warning: LF will be replaced by CRLF in .Rproj.user/FDF398A4/pcs/windowlayoutstate.pper.[0K
The file will have its original line endings in your working directory.[0K
warning: LF will be replaced by CRLF in .Rproj.user/FDF398A4/pcs/workbench-pane.pper.[0K
The file will have its original line endings in your working directory.[0K
warning: LF will be replaced by CRLF in .Rproj.user/FDF398A4/persistent-state.[0K
The file will have its original line endings in your working directory.[0K
warning: LF will be replaced by CRLF in .Rproj.user/FDF398A4/rmd-outputs.[0K
The file will have its original line endings in your working directory.[0K
warning: LF will be replaced by CRLF in .Rproj.user/FDF398A4/sources/prop/B21EDE58.[0K
The file will have its original line endings in your working directory.[0K
warning: LF will be replaced by CRLF in .Rproj.user/FDF398A4/sources/prop/D2E24E13.[0K
The file will have its original line endings in your working directory.[0K
warning: LF will be replaced by CRLF in .Rproj.user/FDF398A4/sources/prop/INDEX.[0K
The file will have its original line endings in your working directory.[0K
warning: LF will be replaced by CRLF in .Rproj.user/FDF398A4/sources/s-1D412E6F/258015F4.[0K
The file will have its original line endings in your working directory.[0K
warning: LF will be replaced by CRLF in .Rproj.user/FDF398A4/sources/s-1D412E6F/258015F4-contents.[0K
The file will have its original line endings in your working directory.[0K
warning: LF will be replaced by CRLF in .Rproj.user/FDF398A4/sources/s-1D412E6F/7BCBFF9F.[0K
The file will have its original line endings in your working directory.[0K
warning: LF will be replaced by CRLF in .Rproj.user/FDF398A4/sources/s-1D412E6F/E2D6B3A.[0K
The file will have its original line endings in your working directory.[0K
warning: LF will be replaced by CRLF in .Rproj.user/FDF398A4/sources/s-1D412E6F/E2D6B3A-contents.[0K
The file will have its original line endings in your working directory.[0K
warning: LF will be replaced by CRLF in .Rproj.user/shared/notebooks/paths.[0K
The file will have its original line endings in your working directory.[0K
[0K
[0;32mKrashaldy Muñoz@LAPTOP-12DQPH01 [0;35m [0;33m~/Documents/investor-data[0;36m (master)[0m[0K
$ git commit -m 'Initial Commit'[0K
[master (root-commit) fe178cf] Initial Commit[0K
 31 files changed, 532 insertions(+)[0K
 create mode 100644 .Rhistory[0K
 create mode 100644 .Rproj.user/FDF398A4/console06/72773897[0K
 create mode 100644 .Rproj.user/FDF398A4/console06/INDEX001[0K
 create mode 100644 .Rproj.user/FDF398A4/pcs/debug-breakpoints.pper[0K
 create mode 100644 .Rproj.user/FDF398A4/pcs/files-pane.pper[0K
 create mode 100644 .Rproj.user/FDF398A4/pcs/packages-pane.pper[0K
 create mode 100644 .Rproj.user/FDF398A4/pcs/source-pane.pper[0K
 create mode 100644 .Rproj.user/FDF398A4/pcs/windowlayoutstate.pper[0K
 create mode 100644 .Rproj.user/FDF398A4/pcs/workbench-pane.pper[0K
 create mode 100644 .Rproj.user/FDF398A4/persistent-state[0K
 create mode 100644 .Rproj.user/FDF398A4/rmd-outputs[0K
 create mode 100644 .Rproj.user/FDF398A4/saved_source_markers[0K
 create mode 100644 .Rproj.user/FDF398A4/sources/prop/B21EDE58[0K
 create mode 100644 .Rproj.user/FDF398A4/sources/prop/D2E24E13[0K
 create mode 100644 .Rproj.user/FDF398A4/sources/prop/INDEX[0K
 create mode 100644 .Rproj.user/FDF398A4/sources/s-1D412E6F/258015F4[0K
 create mode 100644 .Rproj.user/FDF398A4/sources/s-1D412E6F/258015F4-contents[0K
 create mode 100644 .Rproj.user/FDF398A4/sources/s-1D412E6F/7BCBFF9F[0K
 create mode 100644 .Rproj.user/FDF398A4/sources/s-1D412E6F/7BCBFF9F-contents[0K
 create mode 100644 .Rproj.user/FDF398A4/sources/s-1D412E6F/E2D6B3A[0K
 create mode 100644 .Rproj.user/FDF398A4/sources/s-1D412E6F/E2D6B3A-contents[0K
 create mode 100644 .Rproj.user/FDF398A4/sources/s-1D412E6F/lock_file[0K
 create mode 100644 .Rproj.user/shared/notebooks/E535D3C3-investor-markdown/1/s/chunks.json[0K
 create mode 100644 .Rproj.user/shared/notebooks/patch-chunk-names[0K
 create mode 100644 .Rproj.user/shared/notebooks/paths[0K
 create mode 100644 findex-data/globalFindexdatabase.dta[0K
 create mode 100644 findex-data/globalFindexdatabase.xlsx[0K
 create mode 100644 investor-data.Rproj[0K
 create mode 100644 investor-markdown.Rmd[0K
 create mode 100644 investor-markdown.html[0K
 create mode 100644 investor-script1.R[0K
[0K
[0;32mKrashaldy Muñoz@LAPTOP-12DQPH01 [0;35m [0;33m~/Documents/investor-data[0;36m (master)[0m[0K
$ git status[0K
On branch master[0K
Changes not staged for commit:[0K
  (use "git add <file>..." to update what will be committed)[0K
  (use "git checkout -- <file>..." to discard changes in working directory)[0K
[0K
        [0;31mmodified:   .Rproj.user/FDF398A4/console06/72773897[0m[0K
[0K
no changes added to commit (use "git add" and/or "git commit -a")[0K
[0K
[0;32mKrashaldy Muñoz@LAPTOP-12DQPH01 [0;35m [0;33m~/Documents/investor-data[0;36m (master)[0m[0K
$ git commit -a[0K
hint: Waiting for your editor to close the file...[0K[52G[?25h[?25lAborting commit due to empty commit message.[0K
[0K[?25h[?25l
[0;32mKrashaldy Muñoz@LAPTOP-12DQPH01 [0;35m [0;33m~/Documents/investor-data[0;36m (master)[0m[0K
$[0K[3G[?25h[?25l$ git commit -a[0K[17G[?25h[16G